// Jest Snapshot v1, https://goo.gl/fbAQLP

exports[`Modal should render component 1`] = `<div />`;
