// Jest Snapshot v1, https://goo.gl/fbAQLP

exports[`Portal should render component 1`] = `<div />`;

exports[`Portal should render component 2`] = `<div />`;
